// Jest Snapshot v1, https://goo.gl/fbAQLP

exports[`correctly maps dispatch to props 1`] = `
Object {
  "getPokemonDetail": [Function],
}
`;

exports[`correctly maps dispatch to props 2`] = `
Array [
  Object {
    "type": "GET_POKEMON_DETAILS_REQUEST",
  },
  Object {
    "leap": "rules",
    "type": "GET_POKEMON_DETAILS_SUCCESS",
  },
]
`;

exports[`correctly maps state to props 1`] = `
Object {
  "detailData": null,
  "isLoading": false,
}
`;

exports[`renders a Loading bar when loading 1`] = `<Loading />`;

exports[`renders a PokemonDetail when not loading 1`] = `<PokemonDetail />`;
