// Jest Snapshot v1, https://goo.gl/fbAQLP

exports[`renders a PokedexList when pokemon is present 1`] = `
<div
  style={
    Object {
      "display": "flex",
      "flexDirection": "column",
    }
  }
>
  <TextField
    disabled={false}
    floatingLabelFixed={false}
    fullWidth={false}
    hintText="Search"
    multiLine={false}
    onChange={[Function]}
    rows={1}
    style={
      Object {
        "marginLeft": "auto",
        "marginRight": "auto",
      }
    }
    type="text"
    underlineShow={true}
  />
  <br />
  <div>
    <List>
      <ListItem
        autoGenerateNestedIndicator={true}
        className="capitalize"
        containerElement="span"
        disableKeyboardFocus={false}
        disabled={false}
        initiallyOpen={false}
        insetChildren={false}
        nestedItems={Array []}
        nestedLevel={0}
        onClick={[Function]}
        onKeyboardFocus={[Function]}
        onMouseEnter={[Function]}
        onMouseLeave={[Function]}
        onNestedListToggle={[Function]}
        onTouchEnd={[Function]}
        onTouchStart={[Function]}
        open={null}
        primaryText="pokedude"
        primaryTogglesNestedList={false}
        secondaryTextLines={1}
      />
      <ListItem
        autoGenerateNestedIndicator={true}
        className="capitalize"
        containerElement="span"
        disableKeyboardFocus={false}
        disabled={false}
        initiallyOpen={false}
        insetChildren={false}
        nestedItems={Array []}
        nestedLevel={0}
        onClick={[Function]}
        onKeyboardFocus={[Function]}
        onMouseEnter={[Function]}
        onMouseLeave={[Function]}
        onNestedListToggle={[Function]}
        onTouchEnd={[Function]}
        onTouchStart={[Function]}
        open={null}
        primaryText="pokeman"
        primaryTogglesNestedList={false}
        secondaryTextLines={1}
      />
      <ListItem
        autoGenerateNestedIndicator={true}
        className="capitalize"
        containerElement="span"
        disableKeyboardFocus={false}
        disabled={false}
        initiallyOpen={false}
        insetChildren={false}
        nestedItems={Array []}
        nestedLevel={0}
        onClick={[Function]}
        onKeyboardFocus={[Function]}
        onMouseEnter={[Function]}
        onMouseLeave={[Function]}
        onNestedListToggle={[Function]}
        onTouchEnd={[Function]}
        onTouchStart={[Function]}
        open={null}
        primaryText="pokelizard"
        primaryTogglesNestedList={false}
        secondaryTextLines={1}
      />
    </List>
  </div>
</div>
`;

exports[`renders null when pokemon is not present 1`] = `null`;
